=== scripts/check-calendar-contracts.mjs ===
[calendar-contracts] PASS
TRACKER_COUNTRIES: 98
AUTHORITY_SOURCE_KEYS: 116
RACECOURSE_IDS: 11
READINESS_RECORDS: 116
CLOSED_COUNTRIES: 98
SOURCE_TEST_V2_FILES: 46
CURRENT_WORK_ID: WHR-CAL-JAPAN-NAR
NEXT_WORK_ID: WHR-CAL-JAPAN-BANEI
EXIT_STATUS=0
=== scripts/check-project-governance-docs.mjs ===
PROJECT_GOVERNANCE_DOCS_VALID
COVERAGE_OBSERVATION_SCHEMA_FOUNDATION: active
VALIDATION_RESPONSIBILITY_SPLIT: active
ACQUISITION_CONTROL_PLANE_CONTRACT: completed foundation
FIVE_RANK_OPERATIONAL_MODEL: C/B/B+/A/A+
NAR_ACTIONS_OPERATOR: active
NAR_RUNNER_PROFILE: github_actions primary / local fallback
COMPLETED_WORK_ID: WHR-CAL-ACQUISITION-CONTROL-PLANE
COMPLETED_WORK_ID: WHR-CAL-JAPAN-BANEI-A-PLUS
CURRENT_WORK_ID: WHR-CAL-HONG-KONG-HKJC
NEXT_SOURCE_WORK_ID: WHR-CAL-UAE-ERA
EXIT_STATUS=0
=== scripts/check-calendar-baseline-reconciliation.mjs ===
CALENDAR_BASELINE_RECONCILIATION: pass components=37 retain=12 repair=9 migrate=7 replace=4 archive=5
COMPLETED_WORK_ID: WHR-CAL-ACQUISITION-CONTROL-PLANE
CURRENT_WORK_ID: WHR-CAL-JAPAN-BANEI-A-PLUS
NEXT_SOURCE_WORK_ID: WHR-CAL-HONG-KONG-HKJC
EXIT_STATUS=0
=== scripts/check-calendar-banei-handoff-decision.mjs ===
CALENDAR_BANEI_HANDOFF_DECISION: pass
DECISION: accepted_for_manual_reviewed_steady_state
COMPLETION_CLAIM: bounded_operational_integration_complete
JULY_FULL_MONTH_COMPLETION_AUDIT_REQUIRED: false
JULY_FULL_MONTH_COMPLETENESS_CLAIM_MADE: false
PRIMARY_RUNNER: github_actions
FALLBACK_RUNNER: reviewed_import
DETAIL_SOURCE_PUBLIC_CEILING: A+
LEGACY_SCHEDULE_READINESS: C / link_only
SCHEDULER_JOB_EXECUTION: false
AUTOMATIC_APPROVAL_PROMOTION_PUBLICATION: false
NEXT_WORK_ID: WHR-CAL-HONG-KONG-HKJC
EXIT_STATUS=0
