CALENDAR_BUILD_BOUNDARY: pass
BUILD_MODE: committed-public-projection-read-only
CURRENT_WORK_ID: WHR-CAL-PIPELINE-V1
CALENDAR_PIPELINE_V1_CANDIDATE_CONTRACT: pass records=1
PROMOTION_STATE: human-review-required
PUBLICATION_STATE: not-published
CALENDAR_PIPELINE_V1_PROMOTION: pass
PROMOTION_TARGET: canonical-timetable-v0
NORMAL_RANK_REGRESSION_ALLOWED: false
CORRECTIVE_DOWNGRADE_EXPLICIT: true
IDEMPOTENT: true
PUBLIC_PROJECTION_WRITTEN: false
CALENDAR_PIPELINE_V1_PUBLIC_PROJECTION: pass public_meetings=153 public_details=63
DETERMINISTIC_GENERATED_AT: 2026-07-07T21:08:00Z
PUBLIC_CEILING_ENFORCED: true
COMMITTED_PUBLIC_JSON_MODIFIED: false
CALENDAR_RUNTIME_IMPORT_BOUNDARY: pass pages=39 traversed_dependencies=3843
RUNTIME_TIMETABLE_INPUTS: public-projection-only
CANDIDATE_CANONICAL_LEGACY_IMPORTS: 0
JAPAN_JRA_CANDIDATE_V1: pass records=24
OUTPUT_BOUNDARY: candidate-only
REVIEW_STATE: needs_review
ACTUAL_PROMOTION_GATE: pass
SOURCE_CHECKED_DATE: 2026-07-02
REGISTRY_MINIMUM_DATE: 2026-06-17
STRUCTURAL_PROMOTION_FIXTURE: pass
PUBLIC_PROJECTION_WRITTEN: false
CALENDAR_PIPELINE_V1_RELEASE_GATE: pass
PUBLIC_MEETINGS: 153 baseline=23
PUBLIC_DETAILS: 63 baseline=5
JRA_REFERENCE_CANDIDATES: 24 baseline=4
SCHEDULED_REFRESH_ACTIVE: false
COMPLETED_WORK_ID: WHR-CAL-ACQUISITION-CONTROL-PLANE
CURRENT_WORK_ID: WHR-CAL-JAPAN-BANEI-A-PLUS
NEXT_SOURCE_WORK_ID: WHR-CAL-HONG-KONG-HKJC
